baseline (b) target = 0.505 — đây là mốc phải vượt

Loading weights:   0%|          | 0/320 [00:00<?, ?it/s]
Loading weights:   0%|          | 1/320 [00:31<2:49:32, 31.89s/it]
Loading weights:   2%|▏         | 5/320 [00:32<25:44,  4.90s/it]  
Loading weights:   3%|▎         | 9/320 [00:32<11:41,  2.26s/it]
Loading weights:   3%|▎         | 11/320 [00:33<08:31,  1.66s/it]
Loading weights:   4%|▍         | 12/320 [00:33<07:21,  1.43s/it]
Loading weights:   4%|▍         | 13/320 [00:33<06:15,  1.22s/it]
Loading weights:   4%|▍         | 14/320 [00:34<05:29,  1.08s/it]
Loading weights:   7%|▋         | 21/320 [00:35<02:07,  2.35it/s]
Loading weights:   7%|▋         | 23/320 [00:35<01:44,  2.84it/s]
Loading weights:   8%|▊         | 25/320 [00:35<01:27,  3.37it/s]
Loading weights:   8%|▊         | 26/320 [00:36<01:31,  3.20it/s]
Loading weights:   8%|▊         | 27/320 [00:36<01:41,  2.88it/s]
Loading weights:   9%|▉         | 28/320 [00:37<01:45,  2.77it/s]
Loading weights:  11%|█▏        | 36/320 [00:37<00:54,  5.18it/s]
Loading weights:  12%|█▏        | 39/320 [00:38<00:45,  6.24it/s]
Loading weights:  12%|█▎        | 40/320 [00:38<00:53,  5.21it/s]
Loading weights:  13%|█▎        | 41/320 [00:39<01:02,  4.48it/s]
Loading weights:  13%|█▎        | 42/320 [00:39<01:12,  3.81it/s]
Loading weights:  14%|█▍        | 45/320 [00:39<00:55,  4.94it/s]
Loading weights:  14%|█▍        | 46/320 [00:40<01:08,  4.00it/s]
Loading weights:  15%|█▍        | 47/320 [00:40<01:15,  3.63it/s]
Loading weights:  16%|█▌        | 51/320 [00:40<00:44,  6.06it/s]
Loading weights:  17%|█▋        | 53/320 [00:41<00:48,  5.55it/s]
Loading weights:  19%|█▉        | 60/320 [00:42<00:35,  7.25it/s]
Loading weights:  19%|█▉        | 62/320 [00:42<00:35,  7.35it/s]
Loading weights:  20%|██        | 64/320 [00:42<00:32,  7.83it/s]
Loading weights:  20%|██        | 65/320 [00:42<00:39,  6.42it/s]
Loading weights:  21%|██        | 66/320 [00:43<00:48,  5.23it/s]
Loading weights:  21%|██        | 67/320 [00:43<00:58,  4.29it/s]
Loading weights:  23%|██▎       | 75/320 [00:44<00:34,  7.18it/s]
Loading weights:  24%|██▍       | 76/320 [00:44<00:35,  6.81it/s]
Loading weights:  24%|██▍       | 78/320 [00:44<00:32,  7.34it/s]
Loading weights:  25%|██▍       | 79/320 [00:45<00:40,  5.92it/s]
Loading weights:  25%|██▌       | 80/320 [00:45<00:52,  4.57it/s]
Loading weights:  25%|██▌       | 81/320 [00:46<01:14,  3.22it/s]
Loading weights:  28%|██▊       | 89/320 [00:47<00:36,  6.34it/s]
Loading weights:  28%|██▊       | 90/320 [00:47<00:39,  5.81it/s]
Loading weights:  29%|██▉       | 92/320 [00:47<00:35,  6.41it/s]
Loading weights:  29%|██▉       | 93/320 [00:48<00:42,  5.29it/s]
Loading weights:  29%|██▉       | 94/320 [00:48<00:52,  4.29it/s]
Loading weights:  30%|██▉       | 95/320 [00:48<01:02,  3.60it/s]
Loading weights:  31%|███       | 98/320 [00:49<00:46,  4.81it/s]
Loading weights:  31%|███       | 99/320 [00:50<01:08,  3.21it/s]
Loading weights:  32%|███▎      | 104/320 [00:50<00:35,  6.04it/s]
Loading weights:  33%|███▎      | 105/320 [00:50<00:42,  5.06it/s]
Loading weights:  35%|███▍      | 111/320 [00:51<00:35,  5.90it/s]
Loading weights:  36%|███▌      | 115/320 [00:51<00:26,  7.83it/s]
Loading weights:  37%|███▋      | 117/320 [00:52<00:32,  6.25it/s]
Loading weights:  37%|███▋      | 119/320 [00:52<00:33,  5.98it/s]
Loading weights:  38%|███▊      | 120/320 [00:53<00:38,  5.19it/s]
Loading weights:  40%|████      | 128/320 [00:53<00:25,  7.40it/s]
Loading weights:  40%|████      | 129/320 [00:54<00:27,  6.98it/s]
Loading weights:  41%|████      | 131/320 [00:54<00:25,  7.42it/s]
Loading weights:  41%|████▏     | 132/320 [00:54<00:30,  6.19it/s]
Loading weights:  42%|████▏     | 133/320 [00:55<00:36,  5.08it/s]
Loading weights:  42%|████▏     | 134/320 [00:55<00:42,  4.35it/s]
Loading weights:  44%|████▍     | 142/320 [00:56<00:23,  7.43it/s]
Loading weights:  45%|████▍     | 143/320 [00:56<00:27,  6.43it/s]
Loading weights:  45%|████▌     | 144/320 [00:56<00:32,  5.50it/s]
Loading weights:  46%|████▌     | 146/320 [00:57<00:30,  5.72it/s]
Loading weights:  46%|████▌     | 147/320 [00:57<00:36,  4.79it/s]
Loading weights:  46%|████▋     | 148/320 [00:57<00:43,  3.92it/s]
Loading weights:  47%|████▋     | 151/320 [00:58<00:35,  4.76it/s]
Loading weights:  48%|████▊     | 152/320 [00:59<00:51,  3.29it/s]
Loading weights:  49%|████▉     | 157/320 [00:59<00:34,  4.66it/s]
Loading weights:  52%|█████▏    | 165/320 [01:00<00:23,  6.53it/s]
Loading weights:  52%|█████▎    | 168/320 [01:00<00:20,  7.45it/s]
Loading weights:  53%|█████▎    | 170/320 [01:01<00:19,  7.64it/s]
Loading weights:  53%|█████▎    | 171/320 [01:01<00:23,  6.47it/s]
Loading weights:  54%|█████▍    | 172/320 [01:01<00:26,  5.57it/s]
Loading weights:  54%|█████▍    | 173/320 [01:02<00:30,  4.76it/s]
Loading weights:  56%|█████▋    | 180/320 [01:03<00:21,  6.60it/s]
Loading weights:  57%|█████▋    | 182/320 [01:03<00:19,  7.17it/s]
Loading weights:  57%|█████▊    | 184/320 [01:03<00:24,  5.55it/s]
Loading weights:  58%|█████▊    | 186/320 [01:04<00:23,  5.59it/s]
Loading weights:  58%|█████▊    | 187/320 [01:04<00:29,  4.58it/s]
Loading weights:  61%|██████    | 195/320 [01:05<00:18,  6.76it/s]
Loading weights:  61%|██████▏   | 196/320 [01:05<00:19,  6.48it/s]
Loading weights:  62%|██████▏   | 198/320 [01:05<00:17,  6.95it/s]
Loading weights:  62%|██████▏   | 199/320 [01:06<00:20,  6.04it/s]
Loading weights:  62%|██████▎   | 200/320 [01:06<00:26,  4.58it/s]
Loading weights:  63%|██████▎   | 201/320 [01:07<00:30,  3.84it/s]
Loading weights:  64%|██████▍   | 204/320 [01:07<00:24,  4.76it/s]
Loading weights:  64%|██████▍   | 205/320 [01:07<00:27,  4.20it/s]
Loading weights:  64%|██████▍   | 206/320 [01:08<00:30,  3.74it/s]
Loading weights:  66%|██████▌   | 210/320 [01:08<00:17,  6.14it/s]
Loading weights:  66%|██████▋   | 212/320 [01:09<00:18,  5.77it/s]
Loading weights:  68%|██████▊   | 219/320 [01:09<00:14,  7.07it/s]
Loading weights:  69%|██████▉   | 221/320 [01:10<00:13,  7.43it/s]
Loading weights:  70%|██████▉   | 223/320 [01:10<00:16,  5.88it/s]
Loading weights:  70%|███████   | 225/320 [01:11<00:16,  5.83it/s]
Loading weights:  71%|███████   | 226/320 [01:11<00:18,  5.05it/s]
Loading weights:  73%|███████▎  | 234/320 [01:12<00:11,  7.67it/s]
Loading weights:  73%|███████▎  | 235/320 [01:12<00:12,  6.92it/s]
Loading weights:  74%|███████▍  | 237/320 [01:12<00:11,  7.37it/s]
Loading weights:  74%|███████▍  | 238/320 [01:12<00:13,  6.24it/s]
Loading weights:  75%|███████▍  | 239/320 [01:13<00:17,  4.76it/s]
Loading weights:  75%|███████▌  | 240/320 [01:13<00:19,  4.13it/s]
Loading weights:  78%|███████▊  | 248/320 [01:14<00:10,  6.99it/s]
Loading weights:  78%|███████▊  | 249/320 [01:14<00:11,  6.31it/s]
Loading weights:  78%|███████▊  | 251/320 [01:15<00:10,  6.86it/s]
Loading weights:  79%|███████▉  | 252/320 [01:15<00:12,  5.66it/s]
Loading weights:  79%|███████▉  | 253/320 [01:15<00:13,  4.89it/s]
Loading weights:  79%|███████▉  | 254/320 [01:16<00:15,  4.17it/s]
Loading weights:  80%|████████  | 257/320 [01:16<00:13,  4.58it/s]
Loading weights:  81%|████████  | 258/320 [01:17<00:16,  3.67it/s]
Loading weights:  81%|████████  | 259/320 [01:17<00:18,  3.25it/s]
Loading weights:  82%|████████▏ | 263/320 [01:17<00:10,  5.64it/s]
Loading weights:  83%|████████▎ | 265/320 [01:18<00:10,  5.24it/s]
Loading weights:  85%|████████▍ | 271/320 [01:18<00:04, 10.36it/s]
Loading weights:  86%|████████▌ | 274/320 [01:19<00:07,  6.15it/s]
Loading weights:  86%|████████▋ | 276/320 [01:20<00:08,  5.31it/s]
Loading weights:  87%|████████▋ | 278/320 [01:20<00:07,  5.32it/s]
Loading weights:  88%|████████▊ | 280/320 [01:20<00:07,  5.32it/s]
Loading weights:  90%|████████▉ | 287/320 [01:21<00:04,  7.27it/s]
Loading weights:  90%|█████████ | 288/320 [01:21<00:04,  6.72it/s]
Loading weights:  91%|█████████ | 290/320 [01:21<00:04,  6.94it/s]
Loading weights:  91%|█████████ | 291/320 [01:22<00:04,  5.83it/s]
Loading weights:  91%|█████████▏| 292/320 [01:22<00:05,  4.74it/s]
Loading weights:  92%|█████████▏| 293/320 [01:23<00:06,  4.13it/s]
Loading weights:  94%|█████████▍| 301/320 [01:23<00:02,  7.44it/s]
Loading weights:  94%|█████████▍| 302/320 [01:24<00:02,  6.77it/s]
Loading weights:  95%|█████████▍| 303/320 [01:24<00:02,  6.01it/s]
Loading weights:  95%|█████████▌| 305/320 [01:24<00:02,  5.95it/s]
Loading weights:  96%|█████████▌| 306/320 [01:25<00:02,  4.80it/s]
Loading weights:  96%|█████████▌| 307/320 [01:25<00:03,  4.03it/s]
Loading weights:  97%|█████████▋| 310/320 [01:25<00:01,  5.30it/s]
Loading weights:  97%|█████████▋| 311/320 [01:26<00:01,  4.58it/s]
Loading weights:  98%|█████████▊| 312/320 [01:26<00:02,  3.36it/s]
Loading weights:  99%|█████████▉| 316/320 [01:27<00:00,  5.83it/s]
Loading weights:  99%|█████████▉| 318/320 [01:27<00:00,  5.50it/s]
Loading weights: 100%|██████████| 320/320 [01:27<00:00,  3.66it/s]
  [ft/target] batch 1/13      6s elapsed  ~   72s left
  [ft/target] batch 2/13     11s elapsed  ~   58s left
  [ft/target] batch 3/13     15s elapsed  ~   50s left
  [ft/target] batch 4/13     20s elapsed  ~   45s left
  [ft/target] batch 5/13     24s elapsed  ~   39s left
  [ft/target] batch 6/13     29s elapsed  ~   33s left
  [ft/target] batch 7/13     33s elapsed  ~   28s left
  [ft/target] batch 8/13     37s elapsed  ~   23s left
  [ft/target] batch 9/13     41s elapsed  ~   18s left
  [ft/target] batch 10/13     46s elapsed  ~   14s left
  [ft/target] batch 11/13     50s elapsed  ~    9s left
  [ft/target] batch 12/13     55s elapsed  ~    5s left
  [ft/target] batch 13/13     59s elapsed  ~    0s left
  [ft/target] done: 50 prompts in 59s
  [ft/regression] batch 1/4      4s elapsed  ~   11s left
  [ft/regression] batch 2/4      8s elapsed  ~    8s left
  [ft/regression] batch 3/4     12s elapsed  ~    4s left
  [ft/regression] batch 4/4     22s elapsed  ~    0s left
  [ft/regression] done: 15 prompts in 22s
fine-tune: {'target': 0.985, 'regression': 0.06666666666666667, 'format': 1.0, 'latency_ms': 1181.7149481400156, 'n': 50, 'extra': {'valid_trace_rate': 0.0}}
| run | target | regression | format | latency_ms | n |
|---|---|---|---|---|---|
| (a) base + naive prompt | 0.0 | 0.6667 | 0.0 | 3030.1 | 50 |
| (b) base + optimized prompt | 0.505 | 0.6667 | 1.0 | 788.1 | 50 |
| (c) LoRA fine-tune | 0.985 | 0.0667 | 1.0 | 1181.7 | 50 |
FAILED
 - general capability regressed by 0.600 (tolerance 0.020). See deck §6.3 — add 1-5% replay data.

Loading weights:   0%|          | 0/320 [00:00<?, ?it/s]
Loading weights:   0%|          | 1/320 [00:29<2:36:30, 29.44s/it]
Loading weights:   2%|▏         | 6/320 [00:30<19:36,  3.75s/it]  
Loading weights:   3%|▎         | 9/320 [00:30<11:12,  2.16s/it]
Loading weights:   3%|▎         | 11/320 [00:30<08:04,  1.57s/it]
Loading weights:   4%|▍         | 13/320 [00:31<06:23,  1.25s/it]
Loading weights:   4%|▍         | 14/320 [00:32<05:41,  1.12s/it]
Loading weights:   7%|▋         | 22/320 [00:32<02:15,  2.19it/s]
Loading weights:   7%|▋         | 23/320 [00:33<02:12,  2.24it/s]
Loading weights:   8%|▊         | 25/320 [00:33<01:48,  2.72it/s]
Loading weights:   8%|▊         | 26/320 [00:33<01:50,  2.66it/s]
Loading weights:   8%|▊         | 27/320 [00:34<01:48,  2.71it/s]
Loading weights:   9%|▉         | 28/320 [00:34<01:46,  2.73it/s]
Loading weights:  11%|█▏        | 36/320 [00:35<00:47,  5.97it/s]
Loading weights:  12%|█▏        | 37/320 [00:35<01:00,  4.68it/s]
Loading weights:  12%|█▎        | 40/320 [00:36<00:53,  5.26it/s]
Loading weights:  13%|█▎        | 41/320 [00:36<00:58,  4.78it/s]
Loading weights:  13%|█▎        | 42/320 [00:37<01:10,  3.92it/s]
Loading weights:  14%|█▍        | 45/320 [00:37<00:55,  4.97it/s]
Loading weights:  14%|█▍        | 46/320 [00:37<01:03,  4.30it/s]
Loading weights:  15%|█▍        | 47/320 [00:38<01:13,  3.70it/s]
Loading weights:  16%|█▌        | 51/320 [00:38<00:44,  6.10it/s]
Loading weights:  16%|█▋        | 52/320 [00:39<00:53,  5.00it/s]
Loading weights:  18%|█▊        | 59/320 [00:39<00:38,  6.86it/s]
Loading weights:  19%|█▉        | 62/320 [00:39<00:31,  8.15it/s]
Loading weights:  20%|██        | 64/320 [00:40<00:31,  8.12it/s]
Loading weights:  20%|██        | 65/320 [00:40<00:40,  6.34it/s]
Loading weights:  21%|██        | 66/320 [00:41<00:52,  4.80it/s]
Loading weights:  21%|██        | 67/320 [00:41<01:00,  4.21it/s]
Loading weights:  23%|██▎       | 75/320 [00:42<00:33,  7.21it/s]
Loading weights:  24%|██▍       | 76/320 [00:42<00:36,  6.68it/s]
Loading weights:  24%|██▍       | 77/320 [00:42<00:40,  5.93it/s]
Loading weights:  25%|██▍       | 79/320 [00:43<00:42,  5.69it/s]
Loading weights:  25%|██▌       | 80/320 [00:43<00:50,  4.71it/s]
Loading weights:  25%|██▌       | 81/320 [00:43<01:00,  3.95it/s]
Loading weights:  28%|██▊       | 89/320 [00:44<00:35,  6.57it/s]
Loading weights:  28%|██▊       | 90/320 [00:45<00:37,  6.19it/s]
Loading weights:  29%|██▉       | 92/320 [00:45<00:34,  6.57it/s]
Loading weights:  29%|██▉       | 93/320 [00:45<00:41,  5.52it/s]
Loading weights:  29%|██▉       | 94/320 [00:45<00:47,  4.76it/s]
Loading weights:  30%|██▉       | 95/320 [00:46<00:54,  4.09it/s]
Loading weights:  31%|███       | 98/320 [00:46<00:41,  5.39it/s]
Loading weights:  31%|███       | 99/320 [00:47<00:49,  4.49it/s]
Loading weights:  31%|███▏      | 100/320 [00:47<01:03,  3.46it/s]
Loading weights:  32%|███▎      | 104/320 [00:47<00:35,  6.06it/s]
Loading weights:  33%|███▎      | 106/320 [00:48<00:36,  5.89it/s]
Loading weights:  35%|███▍      | 111/320 [00:48<00:20, 10.39it/s]
Loading weights:  36%|███▌      | 114/320 [00:49<00:28,  7.24it/s]
Loading weights:  36%|███▋      | 116/320 [00:49<00:27,  7.51it/s]
Loading weights:  37%|███▋      | 118/320 [00:49<00:34,  5.82it/s]
Loading weights:  37%|███▋      | 119/320 [00:50<00:40,  4.99it/s]
Loading weights:  38%|███▊      | 120/320 [00:50<00:45,  4.38it/s]
Loading weights:  40%|████      | 128/320 [00:51<00:29,  6.51it/s]
Loading weights:  40%|████      | 129/320 [00:51<00:30,  6.17it/s]
Loading weights:  41%|████      | 131/320 [00:52<00:29,  6.47it/s]
Loading weights:  41%|████▏     | 132/320 [00:52<00:35,  5.23it/s]
Loading weights:  42%|████▏     | 133/320 [00:52<00:42,  4.37it/s]
Loading weights:  42%|████▏     | 134/320 [00:53<00:48,  3.84it/s]
Loading weights:  44%|████▍     | 142/320 [00:54<00:26,  6.75it/s]
Loading weights:  45%|████▍     | 143/320 [00:54<00:27,  6.44it/s]
Loading weights:  45%|████▌     | 145/320 [00:54<00:26,  6.64it/s]
Loading weights:  46%|████▌     | 146/320 [00:54<00:34,  5.11it/s]
Loading weights:  46%|████▌     | 147/320 [00:55<00:57,  3.03it/s]
Loading weights:  47%|████▋     | 151/320 [00:56<00:35,  4.71it/s]
Loading weights:  48%|████▊     | 152/320 [00:56<00:39,  4.23it/s]
Loading weights:  48%|████▊     | 153/320 [00:57<00:47,  3.50it/s]
Loading weights:  49%|████▉     | 157/320 [00:57<00:28,  5.66it/s]
Loading weights:  50%|████▉     | 159/320 [00:57<00:30,  5.25it/s]
Loading weights:  52%|█████▏    | 167/320 [00:58<00:23,  6.64it/s]
Loading weights:  53%|█████▎    | 170/320 [00:59<00:20,  7.40it/s]
Loading weights:  53%|█████▎    | 171/320 [00:59<00:24,  6.16it/s]
Loading weights:  54%|█████▍    | 172/320 [00:59<00:27,  5.36it/s]
Loading weights:  54%|█████▍    | 173/320 [01:00<00:31,  4.65it/s]
Loading weights:  57%|█████▋    | 181/320 [01:01<00:19,  6.96it/s]
Loading weights:  57%|█████▋    | 182/320 [01:01<00:21,  6.52it/s]
Loading weights:  57%|█████▊    | 184/320 [01:01<00:20,  6.60it/s]
Loading weights:  58%|█████▊    | 185/320 [01:02<00:24,  5.53it/s]
Loading weights:  58%|█████▊    | 186/320 [01:02<00:28,  4.70it/s]
Loading weights:  58%|█████▊    | 187/320 [01:02<00:31,  4.19it/s]
Loading weights:  61%|██████    | 195/320 [01:03<00:17,  7.27it/s]
Loading weights:  61%|██████▏   | 196/320 [01:03<00:18,  6.86it/s]
Loading weights:  62%|██████▏   | 198/320 [01:03<00:17,  7.00it/s]
Loading weights:  62%|██████▏   | 199/320 [01:04<00:21,  5.74it/s]
Loading weights:  62%|██████▎   | 200/320 [01:04<00:25,  4.74it/s]
Loading weights:  63%|██████▎   | 201/320 [01:05<00:29,  4.00it/s]
Loading weights:  64%|██████▍   | 204/320 [01:05<00:22,  5.18it/s]
Loading weights:  64%|██████▍   | 205/320 [01:05<00:25,  4.45it/s]
Loading weights:  64%|██████▍   | 206/320 [01:06<00:30,  3.76it/s]
Loading weights:  66%|██████▌   | 210/320 [01:06<00:18,  6.07it/s]
Loading weights:  66%|██████▋   | 212/320 [01:07<00:18,  5.69it/s]
Loading weights:  68%|██████▊   | 218/320 [01:07<00:09, 10.96it/s]
Loading weights:  69%|██████▉   | 220/320 [01:07<00:13,  7.33it/s]
Loading weights:  69%|██████▉   | 222/320 [01:07<00:12,  7.55it/s]
Loading weights:  70%|███████   | 224/320 [01:08<00:17,  5.47it/s]
Loading weights:  70%|███████   | 225/320 [01:09<00:21,  4.52it/s]
Loading weights:  71%|███████   | 226/320 [01:09<00:23,  3.98it/s]
Loading weights:  73%|███████▎  | 234/320 [01:10<00:12,  6.95it/s]
Loading weights:  73%|███████▎  | 235/320 [01:10<00:12,  6.62it/s]
Loading weights:  74%|███████▍  | 237/320 [01:10<00:11,  7.14it/s]
Loading weights:  74%|███████▍  | 238/320 [01:11<00:15,  5.17it/s]
Loading weights:  75%|███████▍  | 239/320 [01:11<00:19,  4.26it/s]
Loading weights:  75%|███████▌  | 240/320 [01:11<00:20,  3.86it/s]
Loading weights:  77%|███████▋  | 247/320 [01:12<00:13,  5.44it/s]
Loading weights:  78%|███████▊  | 249/320 [01:13<00:12,  5.61it/s]
Loading weights:  78%|███████▊  | 251/320 [01:13<00:12,  5.71it/s]
Loading weights:  79%|███████▉  | 252/320 [01:14<00:15,  4.36it/s]
Loading weights:  79%|███████▉  | 253/320 [01:14<00:18,  3.68it/s]
Loading weights:  79%|███████▉  | 254/320 [01:15<00:20,  3.28it/s]
Loading weights:  80%|████████  | 257/320 [01:15<00:14,  4.34it/s]
Loading weights:  81%|████████  | 258/320 [01:15<00:17,  3.64it/s]
Loading weights:  81%|████████  | 259/320 [01:16<00:19,  3.18it/s]
Loading weights:  82%|████████▏ | 263/320 [01:16<00:10,  5.39it/s]
Loading weights:  83%|████████▎ | 265/320 [01:17<00:12,  4.36it/s]
Loading weights:  85%|████████▌ | 273/320 [01:18<00:07,  5.88it/s]
Loading weights:  86%|████████▌ | 274/320 [01:18<00:08,  5.45it/s]
Loading weights:  86%|████████▋ | 276/320 [01:19<00:07,  5.85it/s]
Loading weights:  87%|████████▋ | 277/320 [01:19<00:10,  4.06it/s]
Loading weights:  87%|████████▋ | 278/320 [01:20<00:13,  3.18it/s]
Loading weights:  87%|████████▋ | 279/320 [01:21<00:16,  2.45it/s]
Loading weights:  90%|████████▉ | 287/320 [01:22<00:06,  4.99it/s]
Loading weights:  90%|█████████ | 288/320 [01:22<00:06,  4.93it/s]
Loading weights:  90%|█████████ | 289/320 [01:22<00:06,  4.79it/s]
Loading weights:  91%|█████████ | 291/320 [01:22<00:06,  4.80it/s]
Loading weights:  91%|█████████▏| 292/320 [01:23<00:07,  3.90it/s]
Loading weights:  92%|█████████▏| 293/320 [01:23<00:07,  3.46it/s]
Loading weights:  94%|█████████▍| 301/320 [01:24<00:02,  6.52it/s]
Loading weights:  94%|█████████▍| 302/320 [01:24<00:03,  5.86it/s]
Loading weights:  95%|█████████▌| 304/320 [01:25<00:02,  6.52it/s]
Loading weights:  95%|█████████▌| 305/320 [01:25<00:02,  5.46it/s]
Loading weights:  96%|█████████▌| 306/320 [01:26<00:04,  2.97it/s]
Loading weights:  97%|█████████▋| 310/320 [01:26<00:02,  4.61it/s]
Loading weights:  97%|█████████▋| 311/320 [01:27<00:02,  4.14it/s]
Loading weights:  98%|█████████▊| 312/320 [01:27<00:02,  3.53it/s]
Loading weights:  99%|█████████▉| 316/320 [01:28<00:00,  5.63it/s]
Loading weights:  99%|█████████▉| 317/320 [01:28<00:00,  4.69it/s]
Loading weights: 100%|██████████| 320/320 [01:28<00:00,  3.61it/s]
  [attn_only/target] batch 1/13      4s elapsed  ~   42s left
  [attn_only/target] batch 2/13      7s elapsed  ~   38s left
  [attn_only/target] batch 3/13     10s elapsed  ~   34s left
  [attn_only/target] batch 4/13     14s elapsed  ~   31s left
  [attn_only/target] batch 5/13     17s elapsed  ~   27s left
  [attn_only/target] batch 6/13     20s elapsed  ~   23s left
  [attn_only/target] batch 7/13     23s elapsed  ~   20s left
  [attn_only/target] batch 8/13     26s elapsed  ~   16s left
  [attn_only/target] batch 9/13     29s elapsed  ~   13s left
  [attn_only/target] batch 10/13     32s elapsed  ~   10s left
  [attn_only/target] batch 11/13     35s elapsed  ~    6s left
  [attn_only/target] batch 12/13     38s elapsed  ~    3s left
  [attn_only/target] batch 13/13     41s elapsed  ~    0s left
  [attn_only/target] done: 50 prompts in 41s
attn_only: target=0.945  format=1.000

Loading weights:   0%|          | 0/320 [00:00<?, ?it/s]
Loading weights:   0%|          | 1/320 [00:29<2:34:44, 29.11s/it]
Loading weights:   2%|▏         | 7/320 [00:29<16:25,  3.15s/it]  
Loading weights:   3%|▎         | 9/320 [00:30<11:35,  2.24s/it]
Loading weights:   3%|▎         | 11/320 [00:30<08:14,  1.60s/it]
Loading weights:   4%|▍         | 12/320 [00:30<07:04,  1.38s/it]
Loading weights:   4%|▍         | 13/320 [00:31<06:28,  1.27s/it]
Loading weights:   7%|▋         | 22/320 [00:32<02:02,  2.44it/s]
Loading weights:   7%|▋         | 23/320 [00:32<02:02,  2.42it/s]
Loading weights:   8%|▊         | 26/320 [00:32<01:35,  3.06it/s]
Loading weights:   8%|▊         | 27/320 [00:33<01:36,  3.05it/s]
Loading weights:   9%|▉         | 28/320 [00:33<01:43,  2.82it/s]
Loading weights:  10%|█         | 33/320 [00:33<00:53,  5.36it/s]
Loading weights:  11%|█▏        | 36/320 [00:34<00:55,  5.14it/s]
Loading weights:  12%|█▏        | 37/320 [00:34<00:55,  5.07it/s]
Loading weights:  12%|█▏        | 39/320 [00:34<00:47,  5.94it/s]
Loading weights:  12%|█▎        | 40/320 [00:35<00:56,  4.93it/s]
Loading weights:  13%|█▎        | 41/320 [00:35<01:04,  4.31it/s]
Loading weights:  13%|█▎        | 42/320 [00:36<01:21,  3.40it/s]
Loading weights:  14%|█▍        | 45/320 [00:36<00:59,  4.62it/s]
Loading weights:  14%|█▍        | 46/320 [00:37<01:26,  3.18it/s]
Loading weights:  16%|█▌        | 51/320 [00:37<00:45,  5.90it/s]
Loading weights:  17%|█▋        | 53/320 [00:38<00:51,  5.16it/s]
Loading weights:  18%|█▊        | 58/320 [00:38<00:29,  8.86it/s]
Loading weights:  19%|█▉        | 61/320 [00:39<00:38,  6.64it/s]
Loading weights:  20%|█▉        | 63/320 [00:39<00:36,  7.08it/s]
Loading weights:  20%|██        | 65/320 [00:39<00:43,  5.83it/s]
Loading weights:  21%|██        | 67/320 [00:40<00:54,  4.65it/s]
Loading weights:  23%|██▎       | 75/320 [00:41<00:35,  6.87it/s]
Loading weights:  24%|██▍       | 76/320 [00:41<00:37,  6.56it/s]
Loading weights:  24%|██▍       | 78/320 [00:41<00:34,  7.04it/s]
Loading weights:  25%|██▍       | 79/320 [00:42<00:40,  5.93it/s]
Loading weights:  25%|██▌       | 80/320 [00:42<00:49,  4.86it/s]
Loading weights:  25%|██▌       | 81/320 [00:42<00:56,  4.21it/s]
Loading weights:  28%|██▊       | 89/320 [00:43<00:35,  6.56it/s]
Loading weights:  28%|██▊       | 90/320 [00:44<00:38,  6.04it/s]
Loading weights:  29%|██▉       | 92/320 [00:44<00:35,  6.48it/s]
Loading weights:  29%|██▉       | 93/320 [00:44<00:53,  4.21it/s]
Loading weights:  30%|██▉       | 95/320 [00:45<00:54,  4.13it/s]
Loading weights:  31%|███       | 98/320 [00:45<00:45,  4.86it/s]
Loading weights:  31%|███       | 99/320 [00:46<00:58,  3.75it/s]
Loading weights:  31%|███▏      | 100/320 [00:46<01:04,  3.43it/s]
Loading weights:  32%|███▎      | 104/320 [00:47<00:38,  5.61it/s]
Loading weights:  33%|███▎      | 106/320 [00:47<00:39,  5.45it/s]
Loading weights:  35%|███▌      | 113/320 [00:47<00:18, 11.20it/s]
Loading weights:  36%|███▋      | 116/320 [00:48<00:30,  6.63it/s]
Loading weights:  37%|███▋      | 118/320 [00:49<00:35,  5.69it/s]
Loading weights:  38%|███▊      | 120/320 [00:49<00:43,  4.64it/s]
Loading weights:  40%|████      | 128/320 [00:50<00:29,  6.58it/s]
Loading weights:  40%|████      | 129/320 [00:51<00:31,  6.10it/s]
Loading weights:  41%|████      | 131/320 [00:51<00:28,  6.69it/s]
Loading weights:  41%|████▏     | 132/320 [00:51<00:32,  5.77it/s]
Loading weights:  42%|████▏     | 133/320 [00:51<00:38,  4.91it/s]
Loading weights:  42%|████▏     | 134/320 [00:52<00:42,  4.34it/s]
Loading weights:  44%|████▍     | 142/320 [00:53<00:28,  6.34it/s]
Loading weights:  45%|████▌     | 145/320 [00:53<00:23,  7.34it/s]
Loading weights:  46%|████▌     | 146/320 [00:53<00:27,  6.32it/s]
Loading weights:  46%|████▌     | 147/320 [00:54<00:32,  5.33it/s]
Loading weights:  46%|████▋     | 148/320 [00:54<00:37,  4.54it/s]
Loading weights:  47%|████▋     | 151/320 [00:55<00:35,  4.74it/s]
Loading weights:  48%|████▊     | 152/320 [00:55<00:38,  4.31it/s]
Loading weights:  48%|████▊     | 153/320 [00:55<00:43,  3.82it/s]
Loading weights:  49%|████▉     | 157/320 [00:56<00:28,  5.73it/s]
Loading weights:  49%|████▉     | 158/320 [00:56<00:35,  4.60it/s]
Loading weights:  52%|█████▏    | 167/320 [00:57<00:19,  7.66it/s]
Loading weights:  52%|█████▎    | 168/320 [00:57<00:21,  7.24it/s]
Loading weights:  53%|█████▎    | 170/320 [00:57<00:20,  7.45it/s]
Loading weights:  53%|█████▎    | 171/320 [00:58<00:24,  5.99it/s]
Loading weights:  54%|█████▍    | 172/320 [00:58<00:30,  4.80it/s]
Loading weights:  54%|█████▍    | 173/320 [00:59<00:35,  4.12it/s]
Loading weights:  57%|█████▋    | 181/320 [00:59<00:19,  6.97it/s]
Loading weights:  57%|█████▋    | 182/320 [01:00<00:20,  6.73it/s]
Loading weights:  57%|█████▊    | 184/320 [01:00<00:18,  7.27it/s]
Loading weights:  58%|█████▊    | 185/320 [01:00<00:22,  6.00it/s]
Loading weights:  58%|█████▊    | 186/320 [01:01<00:27,  4.90it/s]
Loading weights:  58%|█████▊    | 187/320 [01:01<00:31,  4.26it/s]
Loading weights:  61%|██████    | 195/320 [01:02<00:17,  7.28it/s]
Loading weights:  61%|██████▏   | 196/320 [01:02<00:21,  5.89it/s]
Loading weights:  62%|██████▏   | 199/320 [01:02<00:18,  6.56it/s]
Loading weights:  62%|██████▎   | 200/320 [01:03<00:21,  5.58it/s]
Loading weights:  63%|██████▎   | 201/320 [01:03<00:25,  4.65it/s]
Loading weights:  64%|██████▍   | 204/320 [01:04<00:21,  5.41it/s]
Loading weights:  64%|██████▍   | 205/320 [01:04<00:32,  3.49it/s]
Loading weights:  66%|██████▌   | 210/320 [01:05<00:17,  6.12it/s]
Loading weights:  66%|██████▋   | 212/320 [01:05<00:18,  5.77it/s]
Loading weights:  68%|██████▊   | 217/320 [01:05<00:10,  9.51it/s]
Loading weights:  69%|██████▉   | 220/320 [01:06<00:14,  6.89it/s]
Loading weights:  69%|██████▉   | 222/320 [01:07<00:16,  5.90it/s]
Loading weights:  70%|███████   | 224/320 [01:07<00:16,  5.95it/s]
Loading weights:  70%|███████   | 225/320 [01:07<00:18,  5.17it/s]
Loading weights:  71%|███████   | 226/320 [01:08<00:21,  4.37it/s]
Loading weights:  73%|███████▎  | 234/320 [01:08<00:12,  6.87it/s]
Loading weights:  73%|███████▎  | 235/320 [01:09<00:13,  6.15it/s]
Loading weights:  74%|███████▍  | 237/320 [01:09<00:12,  6.65it/s]
Loading weights:  74%|███████▍  | 238/320 [01:09<00:14,  5.72it/s]
Loading weights:  75%|███████▍  | 239/320 [01:10<00:16,  4.86it/s]
Loading weights:  75%|███████▌  | 240/320 [01:10<00:18,  4.26it/s]
Loading weights:  77%|███████▋  | 247/320 [01:11<00:10,  6.82it/s]
Loading weights:  78%|███████▊  | 249/320 [01:11<00:09,  7.21it/s]
Loading weights:  78%|███████▊  | 251/320 [01:11<00:09,  7.35it/s]
Loading weights:  79%|███████▉  | 252/320 [01:12<00:11,  5.99it/s]
Loading weights:  79%|███████▉  | 253/320 [01:12<00:13,  4.95it/s]
Loading weights:  79%|███████▉  | 254/320 [01:12<00:15,  4.23it/s]
Loading weights:  80%|████████  | 257/320 [01:13<00:11,  5.44it/s]
Loading weights:  81%|████████  | 258/320 [01:13<00:13,  4.60it/s]
Loading weights:  81%|████████  | 259/320 [01:14<00:16,  3.66it/s]
Loading weights:  82%|████████▏ | 262/320 [01:14<00:10,  5.75it/s]
Loading weights:  82%|████████▏ | 263/320 [01:14<00:10,  5.21it/s]
Loading weights:  83%|████████▎ | 265/320 [01:14<00:11,  4.77it/s]
Loading weights:  85%|████████▌ | 273/320 [01:15<00:05,  7.85it/s]
Loading weights:  86%|████████▌ | 274/320 [01:15<00:06,  7.30it/s]
Loading weights:  86%|████████▌ | 275/320 [01:16<00:07,  6.34it/s]
Loading weights:  87%|████████▋ | 277/320 [01:16<00:07,  5.53it/s]
Loading weights:  87%|████████▋ | 278/320 [01:16<00:08,  4.80it/s]
Loading weights:  87%|████████▋ | 279/320 [01:17<00:09,  4.39it/s]
Loading weights:  89%|████████▉ | 286/320 [01:18<00:04,  6.92it/s]
Loading weights:  90%|█████████ | 288/320 [01:18<00:04,  7.47it/s]
Loading weights:  91%|█████████ | 290/320 [01:18<00:04,  7.49it/s]
Loading weights:  91%|█████████ | 291/320 [01:18<00:05,  5.55it/s]
Loading weights:  91%|█████████▏| 292/320 [01:19<00:06,  4.55it/s]
Loading weights:  92%|█████████▏| 293/320 [01:19<00:06,  3.98it/s]
Loading weights:  94%|█████████▍| 301/320 [01:20<00:02,  7.39it/s]
Loading weights:  94%|█████████▍| 302/320 [01:20<00:02,  6.86it/s]
Loading weights:  95%|█████████▌| 304/320 [01:20<00:02,  6.60it/s]
Loading weights:  95%|█████████▌| 305/320 [01:21<00:02,  5.32it/s]
Loading weights:  96%|█████████▌| 306/320 [01:21<00:03,  4.50it/s]
Loading weights:  96%|█████████▌| 307/320 [01:22<00:03,  3.91it/s]
Loading weights:  97%|█████████▋| 310/320 [01:22<00:01,  5.25it/s]
Loading weights:  97%|█████████▋| 311/320 [01:22<00:02,  4.45it/s]
Loading weights:  98%|█████████▊| 312/320 [01:23<00:02,  3.92it/s]
Loading weights:  99%|█████████▉| 316/320 [01:23<00:00,  6.17it/s]
Loading weights:  99%|█████████▉| 317/320 [01:23<00:00,  4.91it/s]
Loading weights: 100%|██████████| 320/320 [01:24<00:00,  3.81it/s]
  [wrong_lr/target] batch 1/13      6s elapsed  ~   75s left
  [wrong_lr/target] batch 2/13     12s elapsed  ~   64s left
  [wrong_lr/target] batch 3/13     17s elapsed  ~   56s left
  [wrong_lr/target] batch 4/13     21s elapsed  ~   48s left
  [wrong_lr/target] batch 5/13     26s elapsed  ~   41s left
  [wrong_lr/target] batch 6/13     31s elapsed  ~   36s left
  [wrong_lr/target] batch 7/13     35s elapsed  ~   30s left
  [wrong_lr/target] batch 8/13     40s elapsed  ~   25s left
  [wrong_lr/target] batch 9/13     45s elapsed  ~   20s left
  [wrong_lr/target] batch 10/13     50s elapsed  ~   15s left
  [wrong_lr/target] batch 11/13     55s elapsed  ~   10s left
  [wrong_lr/target] batch 12/13     59s elapsed  ~    5s left
  [wrong_lr/target] batch 13/13     64s elapsed  ~    0s left
  [wrong_lr/target] done: 50 prompts in 64s
wrong_lr: target=0.330  format=0.995

Loading weights:   0%|          | 0/320 [00:00<?, ?it/s]
Loading weights:   0%|          | 1/320 [00:28<2:28:58, 28.02s/it]
Loading weights:   2%|▎         | 8/320 [00:28<13:43,  2.64s/it]  
Loading weights:   3%|▎         | 9/320 [00:29<11:48,  2.28s/it]
Loading weights:   3%|▎         | 11/320 [00:29<08:19,  1.62s/it]
Loading weights:   4%|▍         | 12/320 [00:29<07:10,  1.40s/it]
Loading weights:   4%|▍         | 13/320 [00:30<06:05,  1.19s/it]
Loading weights:   4%|▍         | 14/320 [00:30<05:10,  1.01s/it]
Loading weights:   7%|▋         | 22/320 [00:31<01:46,  2.80it/s]
Loading weights:   7%|▋         | 23/320 [00:31<01:44,  2.83it/s]
Loading weights:   8%|▊         | 25/320 [00:31<01:27,  3.39it/s]
Loading weights:   8%|▊         | 26/320 [00:32<01:30,  3.25it/s]
Loading weights:   8%|▊         | 27/320 [00:32<01:34,  3.09it/s]
Loading weights:   9%|▉         | 28/320 [00:33<01:37,  3.00it/s]
Loading weights:  11%|█▏        | 36/320 [00:33<00:49,  5.70it/s]
Loading weights:  12%|█▏        | 37/320 [00:34<00:50,  5.56it/s]
Loading weights:  12%|█▏        | 39/320 [00:34<00:46,  6.08it/s]
Loading weights:  12%|█▎        | 40/320 [00:34<00:59,  4.73it/s]
Loading weights:  13%|█▎        | 41/320 [00:35<01:06,  4.17it/s]
Loading weights:  13%|█▎        | 42/320 [00:35<01:18,  3.56it/s]
Loading weights:  14%|█▍        | 45/320 [00:36<01:03,  4.35it/s]
Loading weights:  14%|█▍        | 46/320 [00:36<01:10,  3.91it/s]
Loading weights:  15%|█▍        | 47/320 [00:37<01:24,  3.23it/s]
Loading weights:  16%|█▌        | 51/320 [00:37<00:53,  5.05it/s]
Loading weights:  17%|█▋        | 53/320 [00:37<00:55,  4.85it/s]
Loading weights:  19%|█▉        | 61/320 [00:38<00:36,  7.05it/s]
Loading weights:  19%|█▉        | 62/320 [00:38<00:38,  6.74it/s]
Loading weights:  20%|██        | 64/320 [00:39<00:36,  7.00it/s]
Loading weights:  20%|██        | 65/320 [00:39<00:47,  5.42it/s]
Loading weights:  21%|██        | 66/320 [00:40<00:55,  4.57it/s]
Loading weights:  21%|██        | 67/320 [00:40<01:03,  4.01it/s]
Loading weights:  23%|██▎       | 75/320 [00:41<00:35,  6.95it/s]
Loading weights:  24%|██▍       | 76/320 [00:41<00:39,  6.25it/s]
Loading weights:  24%|██▍       | 78/320 [00:41<00:38,  6.33it/s]
Loading weights:  25%|██▍       | 79/320 [00:42<00:45,  5.28it/s]
Loading weights:  25%|██▌       | 80/320 [00:42<00:54,  4.40it/s]
Loading weights:  25%|██▌       | 81/320 [00:43<01:08,  3.48it/s]
Loading weights:  28%|██▊       | 89/320 [00:43<00:35,  6.57it/s]
Loading weights:  28%|██▊       | 90/320 [00:44<00:36,  6.28it/s]
Loading weights:  29%|██▉       | 92/320 [00:44<00:34,  6.69it/s]
Loading weights:  29%|██▉       | 93/320 [00:44<00:42,  5.37it/s]
Loading weights:  29%|██▉       | 94/320 [00:45<00:49,  4.54it/s]
Loading weights:  30%|██▉       | 95/320 [00:45<01:00,  3.74it/s]
Loading weights:  31%|███       | 98/320 [00:45<00:46,  4.73it/s]
Loading weights:  31%|███       | 99/320 [00:46<00:54,  4.07it/s]
Loading weights:  31%|███▏      | 100/320 [00:46<00:59,  3.67it/s]
Loading weights:  32%|███▎      | 104/320 [00:47<00:35,  6.10it/s]
Loading weights:  33%|███▎      | 106/320 [00:47<00:38,  5.57it/s]
Loading weights:  36%|███▌      | 114/320 [00:48<00:26,  7.66it/s]
Loading weights:  36%|███▌      | 115/320 [00:48<00:28,  7.18it/s]
Loading weights:  37%|███▋      | 117/320 [00:48<00:27,  7.46it/s]
Loading weights:  37%|███▋      | 118/320 [00:49<00:34,  5.89it/s]
Loading weights:  37%|███▋      | 119/320 [00:49<00:40,  4.91it/s]
Loading weights:  38%|███▊      | 120/320 [00:49<00:50,  3.95it/s]
Loading weights:  40%|████      | 128/320 [00:50<00:29,  6.43it/s]
Loading weights:  40%|████      | 129/320 [00:51<00:32,  5.95it/s]
Loading weights:  41%|████      | 131/320 [00:51<00:31,  6.06it/s]
Loading weights:  41%|████▏     | 132/320 [00:51<00:38,  4.87it/s]
Loading weights:  42%|████▏     | 133/320 [00:52<00:43,  4.30it/s]
Loading weights:  42%|████▏     | 134/320 [00:52<00:51,  3.59it/s]
Loading weights:  44%|████▍     | 142/320 [00:53<00:25,  6.88it/s]
Loading weights:  45%|████▍     | 143/320 [00:53<00:28,  6.22it/s]
Loading weights:  45%|████▌     | 145/320 [00:53<00:26,  6.63it/s]
Loading weights:  46%|████▌     | 146/320 [00:54<00:33,  5.22it/s]
Loading weights:  46%|████▌     | 147/320 [00:54<00:40,  4.29it/s]
Loading weights:  46%|████▋     | 148/320 [00:55<00:47,  3.64it/s]
Loading weights:  47%|████▋     | 151/320 [00:55<00:34,  4.87it/s]
Loading weights:  48%|████▊     | 152/320 [00:55<00:39,  4.24it/s]
Loading weights:  48%|████▊     | 153/320 [00:56<00:44,  3.75it/s]
Loading weights:  49%|████▉     | 157/320 [00:56<00:26,  6.15it/s]
Loading weights:  50%|████▉     | 159/320 [00:57<00:28,  5.58it/s]
Loading weights:  52%|█████▏    | 167/320 [00:57<00:19,  7.92it/s]
Loading weights:  52%|█████▎    | 168/320 [00:58<00:20,  7.30it/s]
Loading weights:  53%|█████▎    | 170/320 [00:58<00:19,  7.58it/s]
Loading weights:  53%|█████▎    | 171/320 [00:58<00:25,  5.91it/s]
Loading weights:  54%|█████▍    | 172/320 [00:59<00:37,  3.90it/s]
Loading weights:  54%|█████▍    | 173/320 [00:59<00:43,  3.36it/s]
Loading weights:  57%|█████▋    | 181/320 [01:00<00:21,  6.49it/s]
Loading weights:  57%|█████▋    | 182/320 [01:00<00:22,  6.24it/s]
Loading weights:  57%|█████▊    | 184/320 [01:01<00:20,  6.71it/s]
Loading weights:  58%|█████▊    | 185/320 [01:01<00:25,  5.21it/s]
Loading weights:  58%|█████▊    | 186/320 [01:01<00:33,  4.05it/s]
Loading weights:  58%|█████▊    | 187/320 [01:02<00:36,  3.64it/s]
Loading weights:  61%|██████    | 195/320 [01:03<00:18,  6.80it/s]
Loading weights:  61%|██████▏   | 196/320 [01:03<00:19,  6.26it/s]
Loading weights:  62%|██████▏   | 198/320 [01:03<00:18,  6.57it/s]
Loading weights:  62%|██████▏   | 199/320 [01:04<00:23,  5.24it/s]
Loading weights:  62%|██████▎   | 200/320 [01:04<00:29,  4.14it/s]
Loading weights:  63%|██████▎   | 201/320 [01:04<00:31,  3.73it/s]
Loading weights:  64%|██████▍   | 204/320 [01:05<00:24,  4.64it/s]
Loading weights:  64%|██████▍   | 205/320 [01:05<00:28,  4.07it/s]
Loading weights:  64%|██████▍   | 206/320 [01:06<00:32,  3.47it/s]
Loading weights:  66%|██████▌   | 210/320 [01:06<00:18,  5.85it/s]
Loading weights:  66%|██████▋   | 212/320 [01:07<00:21,  5.11it/s]
Loading weights:  69%|██████▉   | 220/320 [01:07<00:13,  7.56it/s]
Loading weights:  69%|██████▉   | 221/320 [01:07<00:14,  7.07it/s]
Loading weights:  70%|██████▉   | 223/320 [01:08<00:13,  7.44it/s]
Loading weights:  70%|███████   | 224/320 [01:08<00:16,  5.92it/s]
Loading weights:  70%|███████   | 225/320 [01:09<00:20,  4.74it/s]
Loading weights:  71%|███████   | 226/320 [01:09<00:23,  3.99it/s]
Loading weights:  73%|███████▎  | 234/320 [01:10<00:11,  7.39it/s]
Loading weights:  73%|███████▎  | 235/320 [01:10<00:12,  6.81it/s]
Loading weights:  74%|███████▍  | 237/320 [01:10<00:11,  7.09it/s]
Loading weights:  74%|███████▍  | 238/320 [01:10<00:13,  5.93it/s]
Loading weights:  75%|███████▍  | 239/320 [01:11<00:16,  4.82it/s]
Loading weights:  75%|███████▌  | 240/320 [01:11<00:23,  3.35it/s]
Loading weights:  78%|███████▊  | 248/320 [01:12<00:10,  6.78it/s]
Loading weights:  78%|███████▊  | 249/320 [01:12<00:10,  6.46it/s]
Loading weights:  78%|███████▊  | 251/320 [01:13<00:09,  6.96it/s]
Loading weights:  79%|███████▉  | 252/320 [01:13<00:13,  5.21it/s]
Loading weights:  79%|███████▉  | 253/320 [01:14<00:17,  3.77it/s]
Loading weights:  79%|███████▉  | 254/320 [01:14<00:19,  3.47it/s]
Loading weights:  80%|████████  | 257/320 [01:14<00:13,  4.63it/s]
Loading weights:  81%|████████  | 258/320 [01:15<00:15,  4.10it/s]
Loading weights:  81%|████████  | 259/320 [01:15<00:16,  3.74it/s]
Loading weights:  82%|████████▏ | 263/320 [01:15<00:09,  6.12it/s]
Loading weights:  83%|████████▎ | 265/320 [01:16<00:10,  5.19it/s]
Loading weights:  85%|████████▌ | 273/320 [01:17<00:06,  7.71it/s]
Loading weights:  86%|████████▌ | 274/320 [01:17<00:06,  7.27it/s]
Loading weights:  86%|████████▋ | 276/320 [01:17<00:05,  7.53it/s]
Loading weights:  87%|████████▋ | 277/320 [01:18<00:07,  6.00it/s]
Loading weights:  87%|████████▋ | 278/320 [01:18<00:08,  4.93it/s]
Loading weights:  87%|████████▋ | 279/320 [01:18<00:10,  4.04it/s]
Loading weights:  90%|████████▉ | 287/320 [01:19<00:04,  7.25it/s]
Loading weights:  90%|█████████ | 288/320 [01:19<00:04,  6.87it/s]
Loading weights:  91%|█████████ | 290/320 [01:19<00:04,  7.28it/s]
Loading weights:  91%|█████████ | 291/320 [01:20<00:05,  5.43it/s]
Loading weights:  91%|█████████▏| 292/320 [01:20<00:06,  4.29it/s]
Loading weights:  92%|█████████▏| 293/320 [01:21<00:07,  3.70it/s]
Loading weights:  94%|█████████▍| 301/320 [01:22<00:02,  6.53it/s]
Loading weights:  94%|█████████▍| 302/320 [01:22<00:02,  6.22it/s]
Loading weights:  95%|█████████▌| 304/320 [01:22<00:02,  6.73it/s]
Loading weights:  95%|█████████▌| 305/320 [01:22<00:02,  5.55it/s]
Loading weights:  96%|█████████▌| 306/320 [01:23<00:03,  4.36it/s]
Loading weights:  96%|█████████▌| 307/320 [01:23<00:03,  3.68it/s]
Loading weights:  97%|█████████▋| 310/320 [01:24<00:02,  4.78it/s]
Loading weights:  97%|█████████▋| 311/320 [01:24<00:02,  4.15it/s]
Loading weights:  98%|█████████▊| 312/320 [01:25<00:02,  3.75it/s]
Loading weights:  99%|█████████▉| 316/320 [01:25<00:00,  6.09it/s]
Loading weights:  99%|█████████▉| 318/320 [01:25<00:00,  5.30it/s]
Loading weights: 100%|██████████| 320/320 [01:25<00:00,  3.73it/s]
  [qlora/target] batch 1/13      7s elapsed  ~   84s left
  [qlora/target] batch 2/13     13s elapsed  ~   71s left
  [qlora/target] batch 3/13     19s elapsed  ~   64s left
  [qlora/target] batch 4/13     26s elapsed  ~   59s left
  [qlora/target] batch 5/13     32s elapsed  ~   51s left
  [qlora/target] batch 6/13     38s elapsed  ~   44s left
  [qlora/target] batch 7/13     43s elapsed  ~   37s left
  [qlora/target] batch 8/13     49s elapsed  ~   31s left
  [qlora/target] batch 9/13     55s elapsed  ~   25s left
  [qlora/target] batch 10/13     61s elapsed  ~   18s left
  [qlora/target] batch 11/13     67s elapsed  ~   12s left
  [qlora/target] batch 12/13     72s elapsed  ~    6s left
  [qlora/target] batch 13/13     78s elapsed  ~    0s left
  [qlora/target] done: 50 prompts in 78s
qlora: target=0.950  format=1.000

| run | target | format | latency_ms | n |
|---|---|---|---|---|
| correct | 0.985 | 1.0 | 1181.7 | 50 |
| attn_only | 0.945 | 1.0 | 815.9 | 50 |
| wrong_lr | 0.33 | 0.995 | 1276.9 | 50 |
| qlora | 0.95 | 1.0 | 1567.8 | 50 |
--- 3 ca TỆ NHẤT (bắt buộc đưa vào report) ---
| i | ticket | ft_score | ft_pred |
|---|---|---|---|
| 12 | Shop ơi, mình đặt áo khoác gió mã đơn VN613097. Bị lỗi. Khi nào tiện.  | 0.75 | {"intent": "doi_tra", "urgency": "thap", "product": "áo khoác gió", "sentiment": "tich_cuc |
| 18 | Shop ơi, mình đặt máy xay sinh tố mã đơn DH777946. Khi nào có tiền về. | 0.75 | {"intent": "hoan_tien", "urgency": "thap", "product": "máy xay sinh tố", "sentiment": "tie |
| 23 | Chào shop, mình đặt nồi chiên không dầu mã đơn VN558606. Giao hàng chậ | 0.75 | {"intent": "van_chuyen", "urgency": "thap", "product": "nồi chiên không dầu", "sentiment": |

--- 3 ca TỐT NHẤT ---
| i | ticket | ft_score | ft_pred |
|---|---|---|---|
| 47 | Cho mình hỏi, mình đặt ốp lưng điện thoại mã đơn DH936478. Shipper khô | 1.0 | {"intent": "van_chuyen", "urgency": "thap", "product": "ốp lưng điện thoại", "sentiment":  |
| 48 | Alo shop, mình đặt ốp lưng điện thoại mã đơn DH734695. Giá bao nhiêu.  | 1.0 | {"intent": "hoi_thong_tin", "urgency": "trung_binh", "product": "ốp lưng điện thoại", "sen |
| 49 | Chào shop, mình đặt ốp lưng điện thoại mã đơn VN833689. Sai màu. Sớm n | 1.0 | {"intent": "san_pham_loi", "urgency": "trung_binh", "product": "ốp lưng điện thoại", "sent |
