scoring merge check on 50 target items

Loading weights:   0%|          | 0/320 [00:00<?, ?it/s]
Loading weights:   0%|          | 1/320 [00:28<2:31:22, 28.47s/it]
Loading weights:   2%|▎         | 8/320 [00:29<13:59,  2.69s/it]  
Loading weights:   3%|▎         | 9/320 [00:29<12:05,  2.33s/it]
Loading weights:   4%|▍         | 12/320 [00:30<07:26,  1.45s/it]
Loading weights:   4%|▍         | 13/320 [00:30<06:30,  1.27s/it]
Loading weights:   4%|▍         | 14/320 [00:30<05:37,  1.10s/it]
Loading weights:   6%|▋         | 20/320 [00:31<02:33,  1.95it/s]
Loading weights:   7%|▋         | 23/320 [00:31<01:52,  2.64it/s]
Loading weights:   8%|▊         | 25/320 [00:32<01:32,  3.18it/s]
Loading weights:   8%|▊         | 26/320 [00:32<01:35,  3.09it/s]
Loading weights:   8%|▊         | 27/320 [00:32<01:36,  3.05it/s]
Loading weights:   9%|▉         | 28/320 [00:33<01:40,  2.91it/s]
Loading weights:  11%|█         | 34/320 [00:34<01:02,  4.59it/s]
Loading weights:  12%|█▏        | 37/320 [00:34<00:49,  5.76it/s]
Loading weights:  12%|█▏        | 39/320 [00:34<00:45,  6.21it/s]
Loading weights:  12%|█▎        | 40/320 [00:34<00:55,  5.05it/s]
Loading weights:  13%|█▎        | 41/320 [00:35<01:19,  3.52it/s]
Loading weights:  14%|█▍        | 45/320 [00:36<01:00,  4.54it/s]
Loading weights:  14%|█▍        | 46/320 [00:36<01:14,  3.69it/s]
Loading weights:  15%|█▍        | 47/320 [00:37<01:20,  3.40it/s]
Loading weights:  16%|█▌        | 51/320 [00:37<00:49,  5.45it/s]
Loading weights:  16%|█▋        | 52/320 [00:37<00:58,  4.62it/s]
Loading weights:  19%|█▉        | 60/320 [00:38<00:39,  6.65it/s]
Loading weights:  19%|█▉        | 62/320 [00:39<00:36,  7.05it/s]
Loading weights:  20%|██        | 64/320 [00:39<00:36,  6.93it/s]
Loading weights:  20%|██        | 65/320 [00:39<00:42,  5.97it/s]
Loading weights:  21%|██        | 66/320 [00:40<00:50,  5.03it/s]
Loading weights:  21%|██        | 67/320 [00:40<00:57,  4.37it/s]
Loading weights:  23%|██▎       | 75/320 [00:41<00:33,  7.22it/s]
Loading weights:  24%|██▍       | 76/320 [00:41<00:35,  6.83it/s]
Loading weights:  24%|██▍       | 78/320 [00:41<00:36,  6.59it/s]
Loading weights:  25%|██▍       | 79/320 [00:42<00:44,  5.48it/s]
Loading weights:  25%|██▌       | 80/320 [00:42<00:49,  4.87it/s]
Loading weights:  25%|██▌       | 81/320 [00:42<00:56,  4.26it/s]
Loading weights:  28%|██▊       | 89/320 [00:43<00:32,  7.12it/s]
Loading weights:  28%|██▊       | 90/320 [00:43<00:35,  6.51it/s]
Loading weights:  29%|██▉       | 92/320 [00:43<00:32,  7.03it/s]
Loading weights:  29%|██▉       | 93/320 [00:44<00:39,  5.69it/s]
Loading weights:  29%|██▉       | 94/320 [00:44<00:45,  4.91it/s]
Loading weights:  30%|██▉       | 95/320 [00:45<00:53,  4.18it/s]
Loading weights:  31%|███       | 98/320 [00:45<00:41,  5.33it/s]
Loading weights:  31%|███       | 99/320 [00:45<00:52,  4.25it/s]
Loading weights:  31%|███▏      | 100/320 [00:46<00:57,  3.80it/s]
Loading weights:  32%|███▎      | 104/320 [00:46<00:34,  6.21it/s]
Loading weights:  33%|███▎      | 106/320 [00:47<00:38,  5.51it/s]
Loading weights:  36%|███▌      | 114/320 [00:47<00:24,  8.25it/s]
Loading weights:  36%|███▌      | 115/320 [00:47<00:27,  7.45it/s]
Loading weights:  37%|███▋      | 117/320 [00:48<00:27,  7.50it/s]
Loading weights:  37%|███▋      | 118/320 [00:48<00:32,  6.27it/s]
Loading weights:  37%|███▋      | 119/320 [00:48<00:41,  4.85it/s]
Loading weights:  38%|███▊      | 120/320 [00:49<00:49,  4.00it/s]
Loading weights:  40%|████      | 128/320 [00:50<00:26,  7.15it/s]
Loading weights:  40%|████      | 129/320 [00:50<00:29,  6.57it/s]
Loading weights:  41%|████      | 131/320 [00:50<00:27,  6.98it/s]
Loading weights:  41%|████▏     | 132/320 [00:51<00:34,  5.47it/s]
Loading weights:  42%|████▏     | 133/320 [00:51<00:44,  4.20it/s]
Loading weights:  42%|████▏     | 134/320 [00:52<00:55,  3.34it/s]
Loading weights:  44%|████▍     | 142/320 [00:52<00:29,  6.13it/s]
Loading weights:  45%|████▍     | 143/320 [00:53<00:30,  5.87it/s]
Loading weights:  45%|████▌     | 145/320 [00:53<00:26,  6.52it/s]
Loading weights:  46%|████▌     | 146/320 [00:54<00:45,  3.85it/s]
Loading weights:  46%|████▋     | 148/320 [00:54<00:41,  4.17it/s]
Loading weights:  47%|████▋     | 151/320 [00:54<00:33,  5.10it/s]
Loading weights:  48%|████▊     | 152/320 [00:55<00:38,  4.31it/s]
Loading weights:  48%|████▊     | 153/320 [00:55<00:43,  3.86it/s]
Loading weights:  49%|████▉     | 157/320 [00:56<00:26,  6.18it/s]
Loading weights:  50%|████▉     | 159/320 [00:56<00:27,  5.88it/s]
Loading weights:  52%|█████▏    | 167/320 [00:57<00:19,  7.78it/s]
Loading weights:  52%|█████▎    | 168/320 [00:57<00:21,  7.14it/s]
Loading weights:  53%|█████▎    | 170/320 [00:57<00:20,  7.41it/s]
Loading weights:  53%|█████▎    | 171/320 [00:58<00:24,  6.18it/s]
Loading weights:  54%|█████▍    | 172/320 [00:58<00:29,  5.05it/s]
Loading weights:  54%|█████▍    | 173/320 [00:58<00:34,  4.22it/s]
Loading weights:  55%|█████▌    | 177/320 [00:58<00:18,  7.83it/s]
Loading weights:  57%|█████▋    | 181/320 [00:59<00:20,  6.80it/s]
Loading weights:  57%|█████▋    | 183/320 [01:00<00:23,  5.94it/s]
Loading weights:  58%|█████▊    | 185/320 [01:00<00:23,  5.83it/s]
Loading weights:  58%|█████▊    | 186/320 [01:00<00:28,  4.76it/s]
Loading weights:  58%|█████▊    | 187/320 [01:01<00:31,  4.27it/s]
Loading weights:  61%|██████    | 195/320 [01:02<00:18,  6.75it/s]
Loading weights:  61%|██████▏   | 196/320 [01:02<00:19,  6.31it/s]
Loading weights:  62%|██████▏   | 198/320 [01:02<00:17,  6.85it/s]
Loading weights:  62%|██████▏   | 199/320 [01:02<00:21,  5.56it/s]
Loading weights:  62%|██████▎   | 200/320 [01:03<00:25,  4.65it/s]
Loading weights:  63%|██████▎   | 201/320 [01:03<00:30,  3.86it/s]
Loading weights:  64%|██████▍   | 204/320 [01:04<00:23,  5.02it/s]
Loading weights:  64%|██████▍   | 205/320 [01:04<00:28,  4.09it/s]
Loading weights:  64%|██████▍   | 206/320 [01:04<00:30,  3.73it/s]
Loading weights:  66%|██████▌   | 210/320 [01:05<00:17,  6.33it/s]
Loading weights:  66%|██████▋   | 212/320 [01:05<00:19,  5.50it/s]
Loading weights:  68%|██████▊   | 219/320 [01:06<00:14,  7.11it/s]
Loading weights:  69%|██████▉   | 221/320 [01:06<00:12,  7.65it/s]
Loading weights:  70%|██████▉   | 223/320 [01:06<00:12,  7.55it/s]
Loading weights:  70%|███████   | 224/320 [01:07<00:16,  5.71it/s]
Loading weights:  70%|███████   | 225/320 [01:07<00:19,  4.90it/s]
Loading weights:  71%|███████   | 226/320 [01:08<00:21,  4.32it/s]
Loading weights:  73%|███████▎  | 233/320 [01:08<00:12,  6.98it/s]
Loading weights:  73%|███████▎  | 235/320 [01:09<00:12,  6.81it/s]
Loading weights:  74%|███████▍  | 237/320 [01:09<00:11,  7.04it/s]
Loading weights:  74%|███████▍  | 238/320 [01:09<00:13,  5.97it/s]
Loading weights:  75%|███████▍  | 239/320 [01:10<00:21,  3.77it/s]
Loading weights:  78%|███████▊  | 248/320 [01:11<00:09,  7.44it/s]
Loading weights:  78%|███████▊  | 249/320 [01:11<00:10,  7.00it/s]
Loading weights:  78%|███████▊  | 250/320 [01:11<00:12,  5.70it/s]
Loading weights:  79%|███████▉  | 252/320 [01:12<00:11,  5.74it/s]
Loading weights:  79%|███████▉  | 253/320 [01:12<00:13,  4.88it/s]
Loading weights:  79%|███████▉  | 254/320 [01:12<00:15,  4.14it/s]
Loading weights:  80%|████████  | 257/320 [01:13<00:12,  5.12it/s]
Loading weights:  81%|████████  | 258/320 [01:13<00:14,  4.30it/s]
Loading weights:  81%|████████  | 259/320 [01:14<00:19,  3.13it/s]
Loading weights:  82%|████████▏ | 263/320 [01:14<00:11,  4.81it/s]
Loading weights:  83%|████████▎ | 265/320 [01:15<00:11,  4.60it/s]
Loading weights:  85%|████████▌ | 272/320 [01:15<00:04,  9.97it/s]
Loading weights:  86%|████████▌ | 275/320 [01:16<00:07,  6.23it/s]
Loading weights:  87%|████████▋ | 277/320 [01:16<00:08,  5.18it/s]
Loading weights:  87%|████████▋ | 279/320 [01:17<00:09,  4.34it/s]
Loading weights:  89%|████████▉ | 286/320 [01:18<00:05,  6.24it/s]
Loading weights:  90%|█████████ | 288/320 [01:18<00:04,  6.74it/s]
Loading weights:  91%|█████████ | 290/320 [01:18<00:04,  6.86it/s]
Loading weights:  91%|█████████ | 291/320 [01:19<00:04,  5.81it/s]
Loading weights:  91%|█████████▏| 292/320 [01:19<00:05,  5.00it/s]
Loading weights:  92%|█████████▏| 293/320 [01:19<00:06,  4.24it/s]
Loading weights:  94%|█████████▍| 301/320 [01:20<00:02,  7.17it/s]
Loading weights:  94%|█████████▍| 302/320 [01:20<00:02,  6.83it/s]
Loading weights:  95%|█████████▌| 304/320 [01:21<00:02,  6.94it/s]
Loading weights:  95%|█████████▌| 305/320 [01:21<00:02,  5.19it/s]
Loading weights:  96%|█████████▌| 306/320 [01:22<00:03,  4.40it/s]
Loading weights:  96%|█████████▌| 307/320 [01:22<00:03,  3.62it/s]
Loading weights:  97%|█████████▋| 310/320 [01:23<00:02,  4.42it/s]
Loading weights:  97%|█████████▋| 311/320 [01:23<00:02,  3.91it/s]
Loading weights:  98%|█████████▊| 312/320 [01:23<00:02,  3.24it/s]
Loading weights:  99%|█████████▉| 316/320 [01:24<00:00,  5.58it/s]
Loading weights:  99%|█████████▉| 317/320 [01:24<00:00,  4.61it/s]
Loading weights: 100%|██████████| 320/320 [01:24<00:00,  3.78it/s]
  [generate] batch 1/13      6s elapsed  ~   67s left
  [generate] batch 2/13     11s elapsed  ~   58s left
  [generate] batch 3/13     15s elapsed  ~   51s left
  [generate] batch 4/13     20s elapsed  ~   46s left
  [generate] batch 5/13     25s elapsed  ~   40s left
  [generate] batch 6/13     30s elapsed  ~   35s left
  [generate] batch 7/13     34s elapsed  ~   29s left
  [generate] batch 8/13     39s elapsed  ~   24s left
  [generate] batch 9/13     43s elapsed  ~   19s left
  [generate] batch 10/13     47s elapsed  ~   14s left
  [generate] batch 11/13     52s elapsed  ~    9s left
  [generate] batch 12/13     57s elapsed  ~    5s left
  [generate] batch 13/13     63s elapsed  ~    0s left
  [generate] done: 50 prompts in 63s
trước merge: 0.9850
  [generate] batch 1/13      3s elapsed  ~   40s left
  [generate] batch 2/13      6s elapsed  ~   36s left
  [generate] batch 3/13     10s elapsed  ~   32s left
  [generate] batch 4/13     13s elapsed  ~   29s left
  [generate] batch 5/13     16s elapsed  ~   25s left
  [generate] batch 6/13     19s elapsed  ~   22s left
  [generate] batch 7/13     22s elapsed  ~   19s left
  [generate] batch 8/13     25s elapsed  ~   16s left
  [generate] batch 9/13     28s elapsed  ~   12s left
  [generate] batch 10/13     31s elapsed  ~    9s left
  [generate] batch 11/13     34s elapsed  ~    6s left
  [generate] batch 12/13     37s elapsed  ~    3s left
  [generate] batch 13/13     40s elapsed  ~    0s left
  [generate] done: 50 prompts in 40s
sau merge:   0.9900   (Δ +0.0050)

Writing model shards:   0%|          | 0/1 [00:00<?, ?it/s]
Writing model shards: 100%|██████████| 1/1 [00:12<00:00, 12.77s/it]
Writing model shards: 100%|██████████| 1/1 [00:12<00:00, 12.77s/it]

Loading weights:   0%|          | 0/320 [00:00<?, ?it/s]
Loading weights:   0%|          | 1/320 [00:37<3:17:18, 37.11s/it]
Loading weights:   2%|▏         | 6/320 [00:37<24:36,  4.70s/it]  
Loading weights:   3%|▎         | 9/320 [00:38<14:02,  2.71s/it]
Loading weights:   3%|▎         | 11/320 [00:38<10:03,  1.95s/it]
Loading weights:   4%|▍         | 13/320 [00:39<07:36,  1.49s/it]
Loading weights:   4%|▍         | 14/320 [00:39<06:34,  1.29s/it]
Loading weights:   7%|▋         | 22/320 [00:40<02:27,  2.02it/s]
Loading weights:   7%|▋         | 23/320 [00:40<02:26,  2.03it/s]
Loading weights:   8%|▊         | 26/320 [00:40<01:51,  2.65it/s]
Loading weights:   8%|▊         | 27/320 [00:41<01:48,  2.70it/s]
Loading weights:   9%|▉         | 28/320 [00:41<01:47,  2.71it/s]
Loading weights:  11%|█▏        | 36/320 [00:42<00:55,  5.11it/s]
Loading weights:  12%|█▏        | 37/320 [00:42<01:03,  4.49it/s]
Loading weights:  12%|█▎        | 40/320 [00:43<00:55,  5.00it/s]
Loading weights:  13%|█▎        | 41/320 [00:43<01:00,  4.60it/s]
Loading weights:  13%|█▎        | 42/320 [00:44<01:15,  3.67it/s]
Loading weights:  14%|█▍        | 45/320 [00:44<00:58,  4.71it/s]
Loading weights:  14%|█▍        | 46/320 [00:45<01:08,  4.03it/s]
Loading weights:  15%|█▍        | 47/320 [00:45<01:16,  3.59it/s]
Loading weights:  16%|█▌        | 51/320 [00:45<00:47,  5.71it/s]
Loading weights:  16%|█▋        | 52/320 [00:46<01:01,  4.37it/s]
Loading weights:  18%|█▊        | 59/320 [00:46<00:25, 10.11it/s]
Loading weights:  19%|█▉        | 62/320 [00:47<00:40,  6.43it/s]
Loading weights:  20%|██        | 64/320 [00:47<00:37,  6.85it/s]
Loading weights:  21%|██        | 66/320 [00:48<00:51,  4.94it/s]
Loading weights:  21%|██▏       | 68/320 [00:48<00:49,  5.10it/s]
Loading weights:  23%|██▎       | 75/320 [00:49<00:35,  6.96it/s]
Loading weights:  24%|██▍       | 76/320 [00:49<00:42,  5.68it/s]
Loading weights:  25%|██▍       | 79/320 [00:50<00:37,  6.40it/s]
Loading weights:  25%|██▌       | 80/320 [00:50<00:41,  5.74it/s]
Loading weights:  25%|██▌       | 81/320 [00:50<00:48,  4.97it/s]
Loading weights:  28%|██▊       | 89/320 [00:51<00:29,  7.84it/s]
Loading weights:  28%|██▊       | 90/320 [00:51<00:31,  7.34it/s]
Loading weights:  29%|██▉       | 92/320 [00:52<00:30,  7.36it/s]
Loading weights:  29%|██▉       | 93/320 [00:52<00:38,  5.86it/s]
Loading weights:  29%|██▉       | 94/320 [00:52<00:45,  4.98it/s]
Loading weights:  30%|██▉       | 95/320 [00:53<00:52,  4.29it/s]
Loading weights:  31%|███       | 98/320 [00:53<00:39,  5.56it/s]
Loading weights:  31%|███       | 99/320 [00:53<00:46,  4.76it/s]
Loading weights:  31%|███▏      | 100/320 [00:54<01:03,  3.45it/s]
Loading weights:  32%|███▎      | 104/320 [00:54<00:38,  5.67it/s]
Loading weights:  33%|███▎      | 106/320 [00:55<00:39,  5.41it/s]
Loading weights:  35%|███▌      | 113/320 [00:55<00:28,  7.21it/s]
Loading weights:  36%|███▌      | 115/320 [00:56<00:27,  7.37it/s]
Loading weights:  37%|███▋      | 117/320 [00:56<00:26,  7.68it/s]
Loading weights:  37%|███▋      | 118/320 [00:56<00:34,  5.79it/s]
Loading weights:  37%|███▋      | 119/320 [00:57<00:51,  3.90it/s]
Loading weights:  40%|███▉      | 127/320 [00:58<00:29,  6.62it/s]
Loading weights:  40%|████      | 129/320 [00:58<00:27,  7.07it/s]
Loading weights:  41%|████      | 131/320 [00:58<00:25,  7.52it/s]
Loading weights:  41%|████▏     | 132/320 [00:59<00:31,  6.02it/s]
Loading weights:  42%|████▏     | 133/320 [00:59<00:40,  4.66it/s]
Loading weights:  42%|████▏     | 134/320 [00:59<00:48,  3.87it/s]
Loading weights:  44%|████▍     | 142/320 [01:00<00:26,  6.83it/s]
Loading weights:  45%|████▍     | 143/320 [01:00<00:27,  6.54it/s]
Loading weights:  45%|████▌     | 145/320 [01:01<00:24,  7.05it/s]
Loading weights:  46%|████▌     | 146/320 [01:01<00:32,  5.31it/s]
Loading weights:  46%|████▌     | 147/320 [01:01<00:37,  4.60it/s]
Loading weights:  46%|████▋     | 148/320 [01:02<00:42,  4.02it/s]
Loading weights:  47%|████▋     | 151/320 [01:02<00:31,  5.39it/s]
Loading weights:  48%|████▊     | 152/320 [01:03<00:36,  4.54it/s]
Loading weights:  48%|████▊     | 153/320 [01:03<00:42,  3.96it/s]
Loading weights:  49%|████▉     | 157/320 [01:03<00:25,  6.42it/s]
Loading weights:  49%|████▉     | 158/320 [01:04<00:36,  4.43it/s]
Loading weights:  52%|█████▏    | 166/320 [01:04<00:13, 11.33it/s]
Loading weights:  53%|█████▎    | 169/320 [01:05<00:20,  7.27it/s]
Loading weights:  53%|█████▎    | 171/320 [01:05<00:24,  5.98it/s]
Loading weights:  54%|█████▍    | 173/320 [01:06<00:32,  4.48it/s]
Loading weights:  57%|█████▋    | 181/320 [01:07<00:20,  6.93it/s]
Loading weights:  57%|█████▋    | 183/320 [01:07<00:21,  6.35it/s]
Loading weights:  58%|█████▊    | 185/320 [01:08<00:21,  6.30it/s]
Loading weights:  58%|█████▊    | 186/320 [01:08<00:25,  5.18it/s]
Loading weights:  58%|█████▊    | 187/320 [01:08<00:29,  4.45it/s]
Loading weights:  61%|██████    | 195/320 [01:09<00:17,  7.19it/s]
Loading weights:  61%|██████▏   | 196/320 [01:09<00:18,  6.81it/s]
Loading weights:  62%|██████▏   | 198/320 [01:10<00:16,  7.27it/s]
Loading weights:  62%|██████▏   | 199/320 [01:10<00:20,  6.01it/s]
Loading weights:  62%|██████▎   | 200/320 [01:11<00:32,  3.65it/s]
Loading weights:  64%|██████▍   | 204/320 [01:11<00:22,  5.18it/s]
Loading weights:  64%|██████▍   | 205/320 [01:12<00:32,  3.54it/s]
Loading weights:  66%|██████▌   | 210/320 [01:12<00:18,  6.02it/s]
Loading weights:  66%|██████▌   | 211/320 [01:13<00:21,  5.10it/s]
Loading weights:  68%|██████▊   | 218/320 [01:13<00:09, 10.46it/s]
Loading weights:  69%|██████▉   | 221/320 [01:14<00:15,  6.21it/s]
Loading weights:  70%|██████▉   | 223/320 [01:14<00:14,  6.67it/s]
Loading weights:  70%|███████   | 225/320 [01:15<00:18,  5.14it/s]
Loading weights:  71%|███████   | 227/320 [01:15<00:18,  5.04it/s]
Loading weights:  72%|███████▏  | 231/320 [01:16<00:18,  4.88it/s]
Loading weights:  73%|███████▎  | 235/320 [01:16<00:12,  6.57it/s]
Loading weights:  74%|███████▍  | 237/320 [01:16<00:11,  7.01it/s]
Loading weights:  75%|███████▍  | 239/320 [01:17<00:15,  5.36it/s]
Loading weights:  75%|███████▌  | 240/320 [01:18<00:18,  4.43it/s]
Loading weights:  78%|███████▊  | 248/320 [01:18<00:10,  6.99it/s]
Loading weights:  78%|███████▊  | 249/320 [01:19<00:12,  5.86it/s]
Loading weights:  79%|███████▉  | 252/320 [01:19<00:10,  6.38it/s]
Loading weights:  79%|███████▉  | 253/320 [01:20<00:13,  4.97it/s]
Loading weights:  79%|███████▉  | 254/320 [01:20<00:15,  4.17it/s]
Loading weights:  80%|████████  | 257/320 [01:20<00:12,  5.17it/s]
Loading weights:  81%|████████  | 258/320 [01:21<00:13,  4.59it/s]
Loading weights:  81%|████████  | 259/320 [01:21<00:15,  4.04it/s]
Loading weights:  82%|████████▏ | 263/320 [01:21<00:08,  6.65it/s]
Loading weights:  82%|████████▎ | 264/320 [01:22<00:11,  4.97it/s]
Loading weights:  85%|████████▌ | 272/320 [01:23<00:06,  7.22it/s]
Loading weights:  86%|████████▌ | 274/320 [01:23<00:05,  7.72it/s]
Loading weights:  86%|████████▋ | 276/320 [01:23<00:05,  8.14it/s]
Loading weights:  87%|████████▋ | 277/320 [01:24<00:07,  5.83it/s]
Loading weights:  87%|████████▋ | 278/320 [01:24<00:09,  4.60it/s]
Loading weights:  87%|████████▋ | 279/320 [01:25<00:11,  3.70it/s]
Loading weights:  90%|████████▉ | 287/320 [01:25<00:04,  6.78it/s]
Loading weights:  90%|█████████ | 288/320 [01:26<00:04,  6.47it/s]
Loading weights:  91%|█████████ | 290/320 [01:26<00:04,  6.76it/s]
Loading weights:  91%|█████████ | 291/320 [01:26<00:05,  5.49it/s]
Loading weights:  91%|█████████▏| 292/320 [01:27<00:05,  4.68it/s]
Loading weights:  92%|█████████▏| 293/320 [01:27<00:06,  3.99it/s]
Loading weights:  94%|█████████▍| 301/320 [01:28<00:02,  7.22it/s]
Loading weights:  94%|█████████▍| 302/320 [01:28<00:02,  6.91it/s]
Loading weights:  95%|█████████▌| 304/320 [01:28<00:02,  7.35it/s]
Loading weights:  95%|█████████▌| 305/320 [01:28<00:02,  6.02it/s]
Loading weights:  96%|█████████▌| 306/320 [01:29<00:02,  4.75it/s]
Loading weights:  96%|█████████▌| 307/320 [01:29<00:03,  3.92it/s]
Loading weights:  97%|█████████▋| 310/320 [01:30<00:01,  5.02it/s]
Loading weights:  97%|█████████▋| 311/320 [01:31<00:03,  2.81it/s]
Loading weights:  98%|█████████▊| 315/320 [01:31<00:00,  5.31it/s]
Loading weights:  99%|█████████▉| 317/320 [01:31<00:00,  6.06it/s]
Loading weights: 100%|█████████▉| 319/320 [01:31<00:00,  5.46it/s]
Loading weights: 100%|██████████| 320/320 [01:31<00:00,  3.48it/s]
adapter đang nạp: ['correct', 'attn_only', 'qlora']
  [generate] batch 1/1      4s elapsed  ~    0s left
  [generate] done: 1 prompts in 4s

[correct] -> {"intent": "doi_tra", "urgency": "cao", "product": "chuột không dây", "sentiment": "tich_cuc"}
  [generate] batch 1/1      3s elapsed  ~    0s left
  [generate] done: 1 prompts in 3s

[attn_only] -> {"intent": "doi_tra", "urgency": "trung_binh", "product": "chuột không dây", "sentiment": "tich_cuc"}
  [generate] batch 1/1      4s elapsed  ~    0s left
  [generate] done: 1 prompts in 4s

[qlora] -> {"intent": "hoan_tien", "urgency": "cao", "product": "chuột không dây", "sentiment": "tich_cuc"}
